// Jest Snapshot v1, https://goo.gl/fbAQLP

exports[`SesSmtpCredentials Should match snapshot 1`] = `
Object {
  "Parameters": Object {
    "BootstrapVersion": Object {
      "Default": "/cdk-bootstrap/hnb659fds/version",
      "Description": "Version of the CDK Bootstrap resources in this environment, automatically retrieved from SSM Parameter Store. [cdk:skip]",
      "Type": "AWS::SSM::Parameter::Value<String>",
    },
  },
  "Resources": Object {
    "SesSmtpCredentialsLambda69DED5B2": Object {
      "DeletionPolicy": "Delete",
      "DependsOn": Array [
        "SesSmtpCredentialsSecret16942166",
        "User00B015A1",
      ],
      "Properties": Object {
        "SecretId": Object {
          "Ref": "SesSmtpCredentialsSecret16942166",
        },
        "UserName": Object {
          "Ref": "User00B015A1",
        },
      },
      "Type": "AWS::CloudFormation::CustomResource",
      "UpdateReplacePolicy": "Delete",
    },
    "SesSmtpCredentialsSecret16942166": Object {
      "DeletionPolicy": "Delete",
      "Properties": Object {
        "Description": Object {
          "Fn::Join": Array [
            "",
            Array [
              "SES Smtp credentials (username, password) for ",
              Object {
                "Ref": "User00B015A1",
              },
            ],
          ],
        },
        "GenerateSecretString": Object {},
      },
      "Type": "AWS::SecretsManager::Secret",
      "UpdateReplacePolicy": "Delete",
    },
    "User00B015A1": Object {
      "Properties": Object {
        "UserName": "Micha",
      },
      "Type": "AWS::IAM::User",
    },
  },
  "Rules": Object {
    "CheckBootstrapVersion": Object {
      "Assertions": Array [
        Object {
          "Assert": Object {
            "Fn::Not": Array [
              Object {
                "Fn::Contains": Array [
                  Array [
                    "1",
                    "2",
                    "3",
                    "4",
                    "5",
                  ],
                  Object {
                    "Ref": "BootstrapVersion",
                  },
                ],
              },
            ],
          },
          "AssertDescription": "CDK bootstrap stack version 6 required. Please run 'cdk bootstrap' with a recent version of the CDK CLI.",
        },
      ],
    },
  },
}
`;
