// Jest Snapshot v1, https://goo.gl/fbAQLP

exports[`SesSmtpCredentials Should match snapshot 1`] = `
Object {
  "Resources": Object {
    "SesSmtpCredentialsLambda69DED5B2": Object {
      "DeletionPolicy": "Delete",
      "Properties": Object {
        "UserName": "Micha",
      },
      "Type": "AWS::CloudFormation::CustomResource",
      "UpdateReplacePolicy": "Delete",
    },
  },
}
`;
