// Jest Snapshot v1, https://goo.gl/fbAQLP

exports[`SesSmtpCredentials Should match snapshot 1`] = `
Object {
  "Resources": Object {
    "SesSmtpCredentialsLambda69DED5B2": Object {
      "DeletionPolicy": "Delete",
      "DependsOn": Array [
        "User00B015A1",
      ],
      "Properties": Object {
        "SecretId": Object {
          "Ref": "SesSmtpCredentialsSecret16942166",
        },
        "UserName": Object {
          "Ref": "User00B015A1",
        },
      },
      "Type": "AWS::CloudFormation::CustomResource",
      "UpdateReplacePolicy": "Delete",
    },
    "SesSmtpCredentialsSecret16942166": Object {
      "DeletionPolicy": "Delete",
      "Properties": Object {
        "Description": Object {
          "Fn::Join": Array [
            "",
            Array [
              "SES Smtp credentials (username, password) for ",
              Object {
                "Ref": "User00B015A1",
              },
            ],
          ],
        },
        "GenerateSecretString": Object {},
      },
      "Type": "AWS::SecretsManager::Secret",
      "UpdateReplacePolicy": "Delete",
    },
    "User00B015A1": Object {
      "Properties": Object {
        "UserName": "Micha",
      },
      "Type": "AWS::IAM::User",
    },
  },
}
`;
